
Discarded input sections

 .group         0x0000000000000000        0x8 build/main.o
 .note.GNU-stack
                0x0000000000000000        0x0 build/main.o
 .group         0x0000000000000000        0x8 build/init.o
 .text.__x86.get_pc_thunk.bx
                0x0000000000000000        0x4 build/init.o
 .note.GNU-stack
                0x0000000000000000        0x0 build/init.o
 .group         0x0000000000000000        0x8 build/interrupt.o
 .group         0x0000000000000000        0x8 build/interrupt.o
 .text.__x86.get_pc_thunk.bx
                0x0000000000000000        0x4 build/interrupt.o
 .note.GNU-stack
                0x0000000000000000        0x0 build/interrupt.o
 .group         0x0000000000000000        0x8 build/timer.o
 .group         0x0000000000000000        0x8 build/timer.o
 .text.__x86.get_pc_thunk.ax
                0x0000000000000000        0x4 build/timer.o
 .text.__x86.get_pc_thunk.bx
                0x0000000000000000        0x4 build/timer.o
 .note.GNU-stack
                0x0000000000000000        0x0 build/timer.o
 .group         0x0000000000000000        0x8 build/debug.o
 .text.__x86.get_pc_thunk.bx
                0x0000000000000000        0x4 build/debug.o
 .note.GNU-stack
                0x0000000000000000        0x0 build/debug.o
 .group         0x0000000000000000        0x8 build/memory.o
 .group         0x0000000000000000        0x8 build/memory.o
 .text.__x86.get_pc_thunk.ax
                0x0000000000000000        0x4 build/memory.o
 .text.__x86.get_pc_thunk.bx
                0x0000000000000000        0x4 build/memory.o
 .note.GNU-stack
                0x0000000000000000        0x0 build/memory.o
 .group         0x0000000000000000        0x8 build/bitmap.o
 .text.__x86.get_pc_thunk.ax
                0x0000000000000000        0x4 build/bitmap.o
 .note.GNU-stack
                0x0000000000000000        0x0 build/bitmap.o
 .group         0x0000000000000000        0x8 build/string.o
 .text.__x86.get_pc_thunk.ax
                0x0000000000000000        0x4 build/string.o
 .note.GNU-stack
                0x0000000000000000        0x0 build/string.o
 .group         0x0000000000000000        0x8 build/thread.o
 .group         0x0000000000000000        0x8 build/thread.o
 .group         0x0000000000000000        0x8 build/thread.o
 .text.__x86.get_pc_thunk.ax
                0x0000000000000000        0x4 build/thread.o
 .text.__x86.get_pc_thunk.bx
                0x0000000000000000        0x4 build/thread.o
 .note.GNU-stack
                0x0000000000000000        0x0 build/thread.o
 .group         0x0000000000000000        0x8 build/list.o
 .group         0x0000000000000000        0x8 build/list.o
 .text.__x86.get_pc_thunk.ax
                0x0000000000000000        0x4 build/list.o
 .text.__x86.get_pc_thunk.bx
                0x0000000000000000        0x4 build/list.o
 .note.GNU-stack
                0x0000000000000000        0x0 build/list.o
 .group         0x0000000000000000        0x8 build/console.o
 .group         0x0000000000000000        0x8 build/console.o
 .text.__x86.get_pc_thunk.ax
                0x0000000000000000        0x4 build/console.o
 .text.__x86.get_pc_thunk.bx
                0x0000000000000000        0x4 build/console.o
 .note.GNU-stack
                0x0000000000000000        0x0 build/console.o
 .group         0x0000000000000000        0x8 build/sync.o
 .group         0x0000000000000000        0x8 build/sync.o
 .text.__x86.get_pc_thunk.ax
                0x0000000000000000        0x4 build/sync.o
 .text.__x86.get_pc_thunk.bx
                0x0000000000000000        0x4 build/sync.o
 .note.GNU-stack
                0x0000000000000000        0x0 build/sync.o
 .group         0x0000000000000000        0x8 build/keyboard.o
 .group         0x0000000000000000        0x8 build/keyboard.o
 .text.__x86.get_pc_thunk.ax
                0x0000000000000000        0x4 build/keyboard.o
 .text.__x86.get_pc_thunk.bx
                0x0000000000000000        0x4 build/keyboard.o
 .note.GNU-stack
                0x0000000000000000        0x0 build/keyboard.o
 .group         0x0000000000000000        0x8 build/ioqueue.o
 .group         0x0000000000000000        0x8 build/ioqueue.o
 .text.__x86.get_pc_thunk.ax
                0x0000000000000000        0x4 build/ioqueue.o
 .text.__x86.get_pc_thunk.bx
                0x0000000000000000        0x4 build/ioqueue.o
 .note.GNU-stack
                0x0000000000000000        0x0 build/ioqueue.o
 .group         0x0000000000000000        0x8 build/tss.o
 .group         0x0000000000000000        0x8 build/tss.o
 .text.__x86.get_pc_thunk.ax
                0x0000000000000000        0x4 build/tss.o
 .text.__x86.get_pc_thunk.bx
                0x0000000000000000        0x4 build/tss.o
 .note.GNU-stack
                0x0000000000000000        0x0 build/tss.o
 .group         0x0000000000000000        0x8 build/process.o
 .group         0x0000000000000000        0x8 build/process.o
 .text.__x86.get_pc_thunk.ax
                0x0000000000000000        0x4 build/process.o
 .text.__x86.get_pc_thunk.bx
                0x0000000000000000        0x4 build/process.o
 .note.GNU-stack
                0x0000000000000000        0x0 build/process.o
 .group         0x0000000000000000        0x8 build/syscall-init.o
 .group         0x0000000000000000        0x8 build/syscall-init.o
 .text.__x86.get_pc_thunk.ax
                0x0000000000000000        0x4 build/syscall-init.o
 .text.__x86.get_pc_thunk.bx
                0x0000000000000000        0x4 build/syscall-init.o
 .note.GNU-stack
                0x0000000000000000        0x0 build/syscall-init.o
 .group         0x0000000000000000        0x8 build/syscall.o
 .text.__x86.get_pc_thunk.ax
                0x0000000000000000        0x4 build/syscall.o
 .note.GNU-stack
                0x0000000000000000        0x0 build/syscall.o
 .group         0x0000000000000000        0x8 build/stdio.o
 .group         0x0000000000000000        0x8 build/stdio.o
 .text.__x86.get_pc_thunk.ax
                0x0000000000000000        0x4 build/stdio.o
 .text.__x86.get_pc_thunk.bx
                0x0000000000000000        0x4 build/stdio.o
 .note.GNU-stack
                0x0000000000000000        0x0 build/stdio.o

Memory Configuration

Name             Origin             Length             Attributes
*default*        0x0000000000000000 0xffffffffffffffff

Linker script and memory map

Address of section .text set to 0xc0001500
LOAD build/main.o
LOAD build/init.o
LOAD build/interrupt.o
LOAD build/timer.o
LOAD build/kernel.o
LOAD build/print.o
LOAD build/debug.o
LOAD build/memory.o
LOAD build/bitmap.o
LOAD build/string.o
LOAD build/thread.o
LOAD build/list.o
LOAD build/switch.o
LOAD build/console.o
LOAD build/sync.o
LOAD build/keyboard.o
LOAD build/ioqueue.o
LOAD build/tss.o
LOAD build/process.o
LOAD build/syscall-init.o
LOAD build/syscall.o
LOAD build/stdio.o
                [!provide]                        PROVIDE (__executable_start = SEGMENT_START ("text-segment", 0x8048000))
                0x00000000080480d4                . = (SEGMENT_START ("text-segment", 0x8048000) + SIZEOF_HEADERS)

.interp
 *(.interp)

.note.gnu.build-id
 *(.note.gnu.build-id)

.hash
 *(.hash)

.gnu.hash
 *(.gnu.hash)

.dynsym
 *(.dynsym)

.dynstr
 *(.dynstr)

.gnu.version
 *(.gnu.version)

.gnu.version_d
 *(.gnu.version_d)

.gnu.version_r
 *(.gnu.version_r)

.rel.dyn        0x00000000080480d4        0x0
 *(.rel.init)
 *(.rel.text .rel.text.* .rel.gnu.linkonce.t.*)
 *(.rel.fini)
 *(.rel.rodata .rel.rodata.* .rel.gnu.linkonce.r.*)
 *(.rel.data.rel.ro .rel.data.rel.ro.* .rel.gnu.linkonce.d.rel.ro.*)
 *(.rel.data .rel.data.* .rel.gnu.linkonce.d.*)
 *(.rel.tdata .rel.tdata.* .rel.gnu.linkonce.td.*)
 *(.rel.tbss .rel.tbss.* .rel.gnu.linkonce.tb.*)
 *(.rel.ctors)
 *(.rel.dtors)
 *(.rel.got)
 .rel.got       0x00000000080480d4        0x0 build/main.o
 *(.rel.bss .rel.bss.* .rel.gnu.linkonce.b.*)
 *(.rel.ifunc)

.rel.plt        0x00000000080480d4        0x0
 *(.rel.plt)
                [!provide]                        PROVIDE (__rel_iplt_start = .)
 *(.rel.iplt)
 .rel.iplt      0x00000000080480d4        0x0 build/main.o
                [!provide]                        PROVIDE (__rel_iplt_end = .)

.relr.dyn
 *(.relr.dyn)
                0x0000000008049000                . = ALIGN (CONSTANT (MAXPAGESIZE))

.init
 *(SORT_NONE(.init))

.plt            0x0000000008049000        0x0
 *(.plt)
 *(.iplt)
 .iplt          0x0000000008049000        0x0 build/main.o

.plt.got
 *(.plt.got)

.plt.sec
 *(.plt.sec)

.text           0x00000000c0001500     0x3dcd
 *(.text.unlikely .text.*_unlikely .text.unlikely.*)
 *(.text.exit .text.exit.*)
 *(.text.startup .text.startup.*)
 *(.text.hot .text.hot.*)
 *(SORT_BY_NAME(.text.sorted.*))
 *(.text .stub .text.* .gnu.linkonce.t.*)
 .text          0x00000000c0001500      0x1c4 build/main.o
                0x00000000c0001500                main
                0x00000000c00015d8                k_thread_a
                0x00000000c0001622                k_thread_b
                0x00000000c000166c                u_prog_a
                0x00000000c0001698                u_prog_b
 .text.__x86.get_pc_thunk.bx
                0x00000000c00016c4        0x4 build/main.o
                0x00000000c00016c4                __x86.get_pc_thunk.bx
 .text          0x00000000c00016c8       0x52 build/init.o
                0x00000000c00016c8                init_all
 .text          0x00000000c000171a      0x53d build/interrupt.o
                0x00000000c0001afe                intr_enable
                0x00000000c0001b31                intr_disable
                0x00000000c0001b64                intr_set_status
                0x00000000c0001b8c                intr_get_status
                0x00000000c0001bb3                register_handler
                0x00000000c0001bda                idt_init
 .text.__x86.get_pc_thunk.ax
                0x00000000c0001c57        0x4 build/interrupt.o
                0x00000000c0001c57                __x86.get_pc_thunk.ax
 .text          0x00000000c0001c5b      0x1b6 build/timer.o
                0x00000000c0001da9                timer_init
 *fill*         0x00000000c0001e11        0xf 
 .text          0x00000000c0001e20      0x55b build/kernel.o
                0x00000000c0001e20                intr_exit
                0x00000000c0002357                syscall_handler
 *fill*         0x00000000c000237b        0x5 
 .text          0x00000000c0002380      0x172 build/print.o
                0x00000000c0002380                put_str
                0x00000000c000239e                put_char
                0x00000000c000246b                put_int
                0x00000000c00024ce                set_cursor
 .text          0x00000000c00024f2       0xf4 build/debug.o
                0x00000000c00024f2                panic_spin
 .text          0x00000000c00025e6      0x912 build/memory.o
                0x00000000c0002716                pte_ptr
                0x00000000c0002750                pde_ptr
                0x00000000c0002907                malloc_page
                0x00000000c00029e0                get_kernel_pages
                0x00000000c0002a4e                get_user_pages
                0x00000000c0002ab6                get_a_page
                0x00000000c0002c39                addr_v2p
                0x00000000c0002ea4                mem_init
 .text          0x00000000c0002ef8      0x286 build/bitmap.o
                0x00000000c0002ef8                bitmap_init
                0x00000000c0002f2b                bitmap_scan_test
                0x00000000c0002f74                bitmap_scan
                0x00000000c00030b6                bitmap_set
 .text          0x00000000c000317e      0x4aa build/string.o
                0x00000000c000317e                memset
                0x00000000c00031e7                memcpy
                0x00000000c000325e                memcmp
                0x00000000c00032f7                strcpy
                0x00000000c0003362                strlen
                0x00000000c00033bf                strcmp
                0x00000000c000344e                strchr
                0x00000000c00034bc                strrchr
                0x00000000c0003530                strcat
                0x00000000c00035b0                strchrs
 .text          0x00000000c0003628      0x6c0 build/thread.o
                0x00000000c0003628                running_thread
                0x00000000c0003673                thread_create
                0x00000000c000374a                init_thread
                0x00000000c00037f9                thread_start
                0x00000000c000398e                schedule
                0x00000000c0003ad8                thread_block
                0x00000000c0003b50                thread_unblock
                0x00000000c0003c71                thread_init
 .text.__x86.get_pc_thunk.dx
                0x00000000c0003ce8        0x4 build/thread.o
                0x00000000c0003ce8                __x86.get_pc_thunk.dx
 .text          0x00000000c0003cec      0x25f build/list.o
                0x00000000c0003cec                list_init
                0x00000000c0003d24                list_insert_before
                0x00000000c0003d78                list_push
                0x00000000c0003da0                list_append
                0x00000000c0003dc8                list_remove
                0x00000000c0003e11                list_pop
                0x00000000c0003e3d                elem_find
                0x00000000c0003e82                list_traversal
                0x00000000c0003ee9                list_len
                0x00000000c0003f28                list_empty
 *fill*         0x00000000c0003f4b        0x5 
 .text          0x00000000c0003f50       0x15 build/switch.o
                0x00000000c0003f50                switch_to
 .text          0x00000000c0003f65      0x119 build/console.o
                0x00000000c0003f65                console_init
                0x00000000c0003f90                console_acquire
                0x00000000c0003fbb                console_release
                0x00000000c0003fe6                console_put_str
                0x00000000c0004016                console_put_char
                0x00000000c000404e                console_put_int
 .text          0x00000000c000407e      0x38f build/sync.o
                0x00000000c000407e                sema_init
                0x00000000c00040b8                lock_init
                0x00000000c00040f2                sema_down
                0x00000000c000420e                sema_up
                0x00000000c00042d8                lock_acquire
                0x00000000c000435e                lock_release
 .text          0x00000000c000440d      0x33e build/keyboard.o
                0x00000000c00046e9                keyboard_init
 .text          0x00000000c000474b      0x378 build/ioqueue.o
                0x00000000c000474b                ioqueue_init
                0x00000000c00047bf                ioq_full
                0x00000000c0004928                ioq_getchar
                0x00000000c00049f4                ioq_putchar
 .text          0x00000000c0004ac3      0x1b2 build/tss.o
                0x00000000c0004ac3                update_tss_esp
                0x00000000c0004b54                tss_init
 .text          0x00000000c0004c75      0x3ca build/process.o
                0x00000000c0004c75                start_process
                0x00000000c0004d89                page_dir_activate
                0x00000000c0004dce                process_activate
                0x00000000c0004e31                create_page_dir
                0x00000000c0004eba                create_user_vaddr_bitmap
                0x00000000c0004f13                process_execute
 .text          0x00000000c000503f       0x98 build/syscall-init.o
                0x00000000c000503f                sys_getpid
                0x00000000c0005061                sys_write
                0x00000000c0005094                syscall_init
 .text          0x00000000c00050d7       0x47 build/syscall.o
                0x00000000c00050d7                getpid
                0x00000000c00050f6                write
 .text          0x00000000c000511e      0x1af build/stdio.o
                0x00000000c00051af                vsprintf
                0x00000000c000525a                printf
 *(.gnu.warning)

.fini
 *(SORT_NONE(.fini))
                [!provide]                        PROVIDE (__etext = .)
                [!provide]                        PROVIDE (_etext = .)
                [!provide]                        PROVIDE (etext = .)
                0x00000000c0006000                . = ALIGN (CONSTANT (MAXPAGESIZE))
                0x00000000c0006000                . = SEGMENT_START ("rodata-segment", (ALIGN (CONSTANT (MAXPAGESIZE)) + (. & (CONSTANT (MAXPAGESIZE) - 0x1))))

.rodata         0x00000000c0006000      0xd42
 *(.rodata .rodata.* .gnu.linkonce.r.*)
 .rodata        0x00000000c0006000       0xbe build/main.o
 .rodata        0x00000000c00060be        0xa build/init.o
 .rodata        0x00000000c00060c8      0x2cd build/interrupt.o
 *fill*         0x00000000c0006395        0x3 
 .rodata        0x00000000c0006398       0x6b build/timer.o
 .rodata        0x00000000c0006403       0x3f build/debug.o
 *fill*         0x00000000c0006442        0x2 
 .rodata        0x00000000c0006444      0x1d7 build/memory.o
 *fill*         0x00000000c000661b        0x1 
 .rodata        0x00000000c000661c       0x6b build/bitmap.o
 *fill*         0x00000000c0006687        0x1 
 .rodata        0x00000000c0006688       0xc4 build/string.o
 .rodata        0x00000000c000674c      0x2cb build/thread.o
 *fill*         0x00000000c0006a17        0x1 
 .rodata        0x00000000c0006a18      0x135 build/sync.o
 .rodata        0x00000000c0006b4d       0x36 build/keyboard.o
 *fill*         0x00000000c0006b83        0x1 
 .rodata        0x00000000c0006b84       0xa8 build/ioqueue.o
 .rodata        0x00000000c0006c2c       0x27 build/tss.o
 *fill*         0x00000000c0006c53        0x1 
 .rodata        0x00000000c0006c54       0xe0 build/process.o
 .rodata        0x00000000c0006d34        0xe build/syscall-init.o

.rodata1
 *(.rodata1)

.eh_frame_hdr
 *(.eh_frame_hdr)
 *(.eh_frame_entry .eh_frame_entry.*)

.eh_frame       0x00000000c0006d44      0xf5c
 *(.eh_frame)
 .eh_frame      0x00000000c0006d44       0xc4 build/main.o
 .eh_frame      0x00000000c0006e08       0x24 build/init.o
                                         0x50 (size before relaxing)
 .eh_frame      0x00000000c0006e2c      0x1ac build/interrupt.o
                                        0x1d8 (size before relaxing)
 .eh_frame      0x00000000c0006fd8       0x94 build/timer.o
                                         0xd4 (size before relaxing)
 .eh_frame      0x00000000c000706c       0x1c build/debug.o
                                         0x48 (size before relaxing)
 .eh_frame      0x00000000c0007088      0x1a4 build/memory.o
                                        0x1e4 (size before relaxing)
 .eh_frame      0x00000000c000722c       0x90 build/bitmap.o
                                         0xbc (size before relaxing)
 .eh_frame      0x00000000c00072bc      0x168 build/string.o
                                        0x194 (size before relaxing)
 .eh_frame      0x00000000c0007424      0x198 build/thread.o
                                        0x1d8 (size before relaxing)
 .eh_frame      0x00000000c00075bc      0x148 build/list.o
                                        0x188 (size before relaxing)
 .eh_frame      0x00000000c0007704       0xd8 build/console.o
                                        0x118 (size before relaxing)
 .eh_frame      0x00000000c00077dc       0xdc build/sync.o
                                        0x11c (size before relaxing)
 .eh_frame      0x00000000c00078b8       0x68 build/keyboard.o
                                         0xa8 (size before relaxing)
 .eh_frame      0x00000000c0007920      0x11c build/ioqueue.o
                                        0x15c (size before relaxing)
 .eh_frame      0x00000000c0007a3c       0x6c build/tss.o
                                         0xac (size before relaxing)
 .eh_frame      0x00000000c0007aa8       0xd8 build/process.o
                                        0x118 (size before relaxing)
 .eh_frame      0x00000000c0007b80       0x6c build/syscall-init.o
                                         0xac (size before relaxing)
 .eh_frame      0x00000000c0007bec       0x44 build/syscall.o
                                         0x70 (size before relaxing)
 .eh_frame      0x00000000c0007c30       0x70 build/stdio.o
                                         0xb0 (size before relaxing)
 *(.eh_frame.*)

.gcc_except_table
 *(.gcc_except_table .gcc_except_table.*)

.gnu_extab
 *(.gnu_extab*)

.exception_ranges
 *(.exception_ranges*)
                0x00000000c0009000                . = DATA_SEGMENT_ALIGN (CONSTANT (MAXPAGESIZE), CONSTANT (COMMONPAGESIZE))

.eh_frame
 *(.eh_frame)
 *(.eh_frame.*)

.gnu_extab
 *(.gnu_extab)

.gcc_except_table
 *(.gcc_except_table .gcc_except_table.*)

.exception_ranges
 *(.exception_ranges*)

.tdata          0x00000000c0009000        0x0
                [!provide]                        PROVIDE (__tdata_start = .)
 *(.tdata .tdata.* .gnu.linkonce.td.*)

.tbss
 *(.tbss .tbss.* .gnu.linkonce.tb.*)
 *(.tcommon)

.preinit_array  0x00000000c0009000        0x0
                [!provide]                        PROVIDE (__preinit_array_start = .)
 *(.preinit_array)
                [!provide]                        PROVIDE (__preinit_array_end = .)

.init_array     0x00000000c0009000        0x0
                [!provide]                        PROVIDE (__init_array_start = .)
 *(SORT_BY_INIT_PRIORITY(.init_array.*) SORT_BY_INIT_PRIORITY(.ctors.*))
 *(.init_array EXCLUDE_FILE(*crtend?.o *crtend.o *crtbegin?.o *crtbegin.o) .ctors)
                [!provide]                        PROVIDE (__init_array_end = .)

.fini_array     0x00000000c0009000        0x0
                [!provide]                        PROVIDE (__fini_array_start = .)
 *(SORT_BY_INIT_PRIORITY(.fini_array.*) SORT_BY_INIT_PRIORITY(.dtors.*))
 *(.fini_array EXCLUDE_FILE(*crtend?.o *crtend.o *crtbegin?.o *crtbegin.o) .dtors)
                [!provide]                        PROVIDE (__fini_array_end = .)

.ctors
 *crtbegin.o(.ctors)
 *crtbegin?.o(.ctors)
 *(EXCLUDE_FILE(*crtend?.o *crtend.o) .ctors)
 *(SORT_BY_NAME(.ctors.*))
 *(.ctors)

.dtors
 *crtbegin.o(.dtors)
 *crtbegin?.o(.dtors)
 *(EXCLUDE_FILE(*crtend?.o *crtend.o) .dtors)
 *(SORT_BY_NAME(.dtors.*))
 *(.dtors)

.jcr
 *(.jcr)

.data.rel.ro
 *(.data.rel.ro.local* .gnu.linkonce.d.rel.ro.local.*)
 *(.data.rel.ro .data.rel.ro.* .gnu.linkonce.d.rel.ro.*)

.dynamic
 *(.dynamic)

.got            0x00000000c0009000        0x0
 *(.got)
 .got           0x00000000c0009000        0x0 build/main.o
 *(.igot)
                0x00000000c0009ff4                . = DATA_SEGMENT_RELRO_END (., (SIZEOF (.got.plt) >= 0xc)?0xc:0x0)

.got.plt        0x00000000c0009000        0xc
 *(.got.plt)
 .got.plt       0x00000000c0009000        0xc build/main.o
                0x00000000c0009000                _GLOBAL_OFFSET_TABLE_
 *(.igot.plt)
 .igot.plt      0x00000000c000900c        0x0 build/main.o

.data           0x00000000c0009020      0x156
 *(.data .data.* .gnu.linkonce.d.*)
 .data          0x00000000c0009020        0x0 build/main.o
 .data          0x00000000c0009020        0x0 build/init.o
 .data          0x00000000c0009020        0x0 build/interrupt.o
 .data          0x00000000c0009020        0x0 build/timer.o
 .data          0x00000000c0009020       0xc0 build/kernel.o
                0x00000000c0009020                intr_entry_table
 .data          0x00000000c00090e0        0x8 build/print.o
 .data          0x00000000c00090e8        0x0 build/debug.o
 .data          0x00000000c00090e8        0x0 build/memory.o
 .data          0x00000000c00090e8        0x0 build/bitmap.o
 .data          0x00000000c00090e8        0x0 build/string.o
 .data          0x00000000c00090e8        0x0 build/thread.o
 .data          0x00000000c00090e8        0x0 build/list.o
 .data          0x00000000c00090e8        0x0 build/console.o
 .data          0x00000000c00090e8        0x0 build/sync.o
 *fill*         0x00000000c00090e8       0x18 
 .data          0x00000000c0009100       0x76 build/keyboard.o
 .data          0x00000000c0009176        0x0 build/ioqueue.o
 .data          0x00000000c0009176        0x0 build/tss.o
 .data          0x00000000c0009176        0x0 build/process.o
 .data          0x00000000c0009176        0x0 build/syscall-init.o
 .data          0x00000000c0009176        0x0 build/syscall.o
 .data          0x00000000c0009176        0x0 build/stdio.o

.data1
 *(.data1)
                0x00000000c0009176                _edata = .
                [!provide]                        PROVIDE (edata = .)
                0x00000000c0009176                . = .
                0x00000000c0009176                __bss_start = .

.bss            0x00000000c0009180      0xac0
 *(.dynbss)
 *(.bss .bss.* .gnu.linkonce.b.*)
 .bss           0x00000000c0009180        0x0 build/main.o
 .bss           0x00000000c0009180        0x0 build/init.o
 .bss           0x00000000c0009180      0x848 build/interrupt.o
                0x00000000c0009180                intr_name
                0x00000000c00093a0                idt_table
 .bss           0x00000000c00099c8        0x4 build/timer.o
                0x00000000c00099c8                ticks
 .bss           0x00000000c00099cc        0x0 build/debug.o
 *fill*         0x00000000c00099cc       0x14 
 .bss           0x00000000c00099e0       0x78 build/memory.o
                0x00000000c00099e0                kernel_pool
                0x00000000c0009a20                user_pool
                0x00000000c0009a4c                kernel_vaddr
 .bss           0x00000000c0009a58        0x0 build/bitmap.o
 .bss           0x00000000c0009a58        0x0 build/string.o
 .bss           0x00000000c0009a58       0x46 build/thread.o
                0x00000000c0009a58                main_thread
                0x00000000c0009a5c                thread_ready_list
                0x00000000c0009a6c                thread_all_list
                0x00000000c0009a7c                pid_lock
 .bss           0x00000000c0009a9e        0x0 build/list.o
 *fill*         0x00000000c0009a9e        0x2 
 .bss           0x00000000c0009aa0       0x1c build/console.o
 .bss           0x00000000c0009abc        0x0 build/sync.o
 *fill*         0x00000000c0009abc        0x4 
 .bss           0x00000000c0009ac0       0x80 build/keyboard.o
                0x00000000c0009ac0                kbd_buf
 .bss           0x00000000c0009b40        0x0 build/ioqueue.o
 .bss           0x00000000c0009b40       0x6c build/tss.o
 .bss           0x00000000c0009bac        0x0 build/process.o
 *fill*         0x00000000c0009bac       0x14 
 .bss           0x00000000c0009bc0       0x80 build/syscall-init.o
                0x00000000c0009bc0                syscall_table
 .bss           0x00000000c0009c40        0x0 build/syscall.o
 .bss           0x00000000c0009c40        0x0 build/stdio.o
 *(COMMON)
                0x00000000c0009c40                . = ALIGN ((. != 0x0)?0x4:0x1)
                0x00000000c0009c40                . = ALIGN (0x4)
                0x00000000c0009c40                . = SEGMENT_START ("ldata-segment", .)
                0x00000000c0009c40                . = ALIGN (0x4)
                0x00000000c0009c40                _end = .
                [!provide]                        PROVIDE (end = .)
                0x00000000c0009c40                . = DATA_SEGMENT_END (.)

.stab
 *(.stab)

.stabstr
 *(.stabstr)

.stab.excl
 *(.stab.excl)

.stab.exclstr
 *(.stab.exclstr)

.stab.index
 *(.stab.index)

.stab.indexstr
 *(.stab.indexstr)

.comment        0x0000000000000000       0x2b
 *(.comment)
 .comment       0x0000000000000000       0x2b build/main.o
                                         0x2c (size before relaxing)
 .comment       0x000000000000002b       0x2c build/init.o
 .comment       0x000000000000002b       0x2c build/interrupt.o
 .comment       0x000000000000002b       0x2c build/timer.o
 .comment       0x000000000000002b       0x2c build/debug.o
 .comment       0x000000000000002b       0x2c build/memory.o
 .comment       0x000000000000002b       0x2c build/bitmap.o
 .comment       0x000000000000002b       0x2c build/string.o
 .comment       0x000000000000002b       0x2c build/thread.o
 .comment       0x000000000000002b       0x2c build/list.o
 .comment       0x000000000000002b       0x2c build/console.o
 .comment       0x000000000000002b       0x2c build/sync.o
 .comment       0x000000000000002b       0x2c build/keyboard.o
 .comment       0x000000000000002b       0x2c build/ioqueue.o
 .comment       0x000000000000002b       0x2c build/tss.o
 .comment       0x000000000000002b       0x2c build/process.o
 .comment       0x000000000000002b       0x2c build/syscall-init.o
 .comment       0x000000000000002b       0x2c build/syscall.o
 .comment       0x000000000000002b       0x2c build/stdio.o

.gnu.build.attributes
 *(.gnu.build.attributes .gnu.build.attributes.*)

.debug
 *(.debug)

.line
 *(.line)

.debug_srcinfo
 *(.debug_srcinfo)

.debug_sfnames
 *(.debug_sfnames)

.debug_aranges
 *(.debug_aranges)

.debug_pubnames
 *(.debug_pubnames)

.debug_info
 *(.debug_info .gnu.linkonce.wi.*)

.debug_abbrev
 *(.debug_abbrev)

.debug_line
 *(.debug_line .debug_line.* .debug_line_end)

.debug_frame
 *(.debug_frame)

.debug_str
 *(.debug_str)

.debug_loc
 *(.debug_loc)

.debug_macinfo
 *(.debug_macinfo)

.debug_weaknames
 *(.debug_weaknames)

.debug_funcnames
 *(.debug_funcnames)

.debug_typenames
 *(.debug_typenames)

.debug_varnames
 *(.debug_varnames)

.debug_pubtypes
 *(.debug_pubtypes)

.debug_ranges
 *(.debug_ranges)

.debug_addr
 *(.debug_addr)

.debug_line_str
 *(.debug_line_str)

.debug_loclists
 *(.debug_loclists)

.debug_macro
 *(.debug_macro)

.debug_names
 *(.debug_names)

.debug_rnglists
 *(.debug_rnglists)

.debug_str_offsets
 *(.debug_str_offsets)

.debug_sup
 *(.debug_sup)

.gnu.attributes
 *(.gnu.attributes)

/DISCARD/
 *(.note.GNU-stack)
 *(.gnu_debuglink)
 *(.gnu.lto_*)
OUTPUT(build/kernel.bin elf32-i386)
