
Discarded input sections

 .group         0x0000000000000000        0x8 build/main.o
 .note.GNU-stack
                0x0000000000000000        0x0 build/main.o
 .group         0x0000000000000000        0x8 build/init.o
 .text.__x86.get_pc_thunk.bx
                0x0000000000000000        0x4 build/init.o
 .note.GNU-stack
                0x0000000000000000        0x0 build/init.o
 .group         0x0000000000000000        0x8 build/interrupt.o
 .group         0x0000000000000000        0x8 build/interrupt.o
 .text.__x86.get_pc_thunk.bx
                0x0000000000000000        0x4 build/interrupt.o
 .note.GNU-stack
                0x0000000000000000        0x0 build/interrupt.o
 .group         0x0000000000000000        0x8 build/timer.o
 .group         0x0000000000000000        0x8 build/timer.o
 .text.__x86.get_pc_thunk.ax
                0x0000000000000000        0x4 build/timer.o
 .text.__x86.get_pc_thunk.bx
                0x0000000000000000        0x4 build/timer.o
 .note.GNU-stack
                0x0000000000000000        0x0 build/timer.o
 .group         0x0000000000000000        0x8 build/debug.o
 .text.__x86.get_pc_thunk.bx
                0x0000000000000000        0x4 build/debug.o
 .note.GNU-stack
                0x0000000000000000        0x0 build/debug.o
 .group         0x0000000000000000        0x8 build/memory.o
 .group         0x0000000000000000        0x8 build/memory.o
 .text.__x86.get_pc_thunk.ax
                0x0000000000000000        0x4 build/memory.o
 .text.__x86.get_pc_thunk.bx
                0x0000000000000000        0x4 build/memory.o
 .note.GNU-stack
                0x0000000000000000        0x0 build/memory.o
 .group         0x0000000000000000        0x8 build/bitmap.o
 .text.__x86.get_pc_thunk.ax
                0x0000000000000000        0x4 build/bitmap.o
 .note.GNU-stack
                0x0000000000000000        0x0 build/bitmap.o
 .group         0x0000000000000000        0x8 build/string.o
 .text.__x86.get_pc_thunk.ax
                0x0000000000000000        0x4 build/string.o
 .note.GNU-stack
                0x0000000000000000        0x0 build/string.o
 .group         0x0000000000000000        0x8 build/thread.o
 .group         0x0000000000000000        0x8 build/thread.o
 .group         0x0000000000000000        0x8 build/thread.o
 .text.__x86.get_pc_thunk.ax
                0x0000000000000000        0x4 build/thread.o
 .text.__x86.get_pc_thunk.bx
                0x0000000000000000        0x4 build/thread.o
 .note.GNU-stack
                0x0000000000000000        0x0 build/thread.o
 .group         0x0000000000000000        0x8 build/list.o
 .group         0x0000000000000000        0x8 build/list.o
 .text.__x86.get_pc_thunk.ax
                0x0000000000000000        0x4 build/list.o
 .text.__x86.get_pc_thunk.bx
                0x0000000000000000        0x4 build/list.o
 .note.GNU-stack
                0x0000000000000000        0x0 build/list.o
 .group         0x0000000000000000        0x8 build/console.o
 .group         0x0000000000000000        0x8 build/console.o
 .text.__x86.get_pc_thunk.ax
                0x0000000000000000        0x4 build/console.o
 .text.__x86.get_pc_thunk.bx
                0x0000000000000000        0x4 build/console.o
 .note.GNU-stack
                0x0000000000000000        0x0 build/console.o
 .group         0x0000000000000000        0x8 build/sync.o
 .group         0x0000000000000000        0x8 build/sync.o
 .text.__x86.get_pc_thunk.ax
                0x0000000000000000        0x4 build/sync.o
 .text.__x86.get_pc_thunk.bx
                0x0000000000000000        0x4 build/sync.o
 .note.GNU-stack
                0x0000000000000000        0x0 build/sync.o
 .group         0x0000000000000000        0x8 build/keyboard.o
 .group         0x0000000000000000        0x8 build/keyboard.o
 .text.__x86.get_pc_thunk.ax
                0x0000000000000000        0x4 build/keyboard.o
 .text.__x86.get_pc_thunk.bx
                0x0000000000000000        0x4 build/keyboard.o
 .note.GNU-stack
                0x0000000000000000        0x0 build/keyboard.o
 .group         0x0000000000000000        0x8 build/ioqueue.o
 .group         0x0000000000000000        0x8 build/ioqueue.o
 .text.__x86.get_pc_thunk.ax
                0x0000000000000000        0x4 build/ioqueue.o
 .text.__x86.get_pc_thunk.bx
                0x0000000000000000        0x4 build/ioqueue.o
 .note.GNU-stack
                0x0000000000000000        0x0 build/ioqueue.o
 .group         0x0000000000000000        0x8 build/tss.o
 .group         0x0000000000000000        0x8 build/tss.o
 .text.__x86.get_pc_thunk.ax
                0x0000000000000000        0x4 build/tss.o
 .text.__x86.get_pc_thunk.bx
                0x0000000000000000        0x4 build/tss.o
 .note.GNU-stack
                0x0000000000000000        0x0 build/tss.o
 .group         0x0000000000000000        0x8 build/process.o
 .group         0x0000000000000000        0x8 build/process.o
 .text.__x86.get_pc_thunk.ax
                0x0000000000000000        0x4 build/process.o
 .text.__x86.get_pc_thunk.bx
                0x0000000000000000        0x4 build/process.o
 .note.GNU-stack
                0x0000000000000000        0x0 build/process.o
 .group         0x0000000000000000        0x8 build/syscall-init.o
 .group         0x0000000000000000        0x8 build/syscall-init.o
 .text.__x86.get_pc_thunk.ax
                0x0000000000000000        0x4 build/syscall-init.o
 .text.__x86.get_pc_thunk.bx
                0x0000000000000000        0x4 build/syscall-init.o
 .note.GNU-stack
                0x0000000000000000        0x0 build/syscall-init.o
 .group         0x0000000000000000        0x8 build/syscall.o
 .text.__x86.get_pc_thunk.ax
                0x0000000000000000        0x4 build/syscall.o
 .note.GNU-stack
                0x0000000000000000        0x0 build/syscall.o
 .group         0x0000000000000000        0x8 build/stdio.o
 .group         0x0000000000000000        0x8 build/stdio.o
 .text.__x86.get_pc_thunk.ax
                0x0000000000000000        0x4 build/stdio.o
 .text.__x86.get_pc_thunk.bx
                0x0000000000000000        0x4 build/stdio.o
 .note.GNU-stack
                0x0000000000000000        0x0 build/stdio.o

Memory Configuration

Name             Origin             Length             Attributes
*default*        0x0000000000000000 0xffffffffffffffff

Linker script and memory map

Address of section .text set to 0xc0001500
LOAD build/main.o
LOAD build/init.o
LOAD build/interrupt.o
LOAD build/timer.o
LOAD build/kernel.o
LOAD build/print.o
LOAD build/debug.o
LOAD build/memory.o
LOAD build/bitmap.o
LOAD build/string.o
LOAD build/thread.o
LOAD build/list.o
LOAD build/switch.o
LOAD build/console.o
LOAD build/sync.o
LOAD build/keyboard.o
LOAD build/ioqueue.o
LOAD build/tss.o
LOAD build/process.o
LOAD build/syscall-init.o
LOAD build/syscall.o
LOAD build/stdio.o
                [!provide]                        PROVIDE (__executable_start = SEGMENT_START ("text-segment", 0x8048000))
                0x00000000080480d4                . = (SEGMENT_START ("text-segment", 0x8048000) + SIZEOF_HEADERS)

.interp
 *(.interp)

.note.gnu.build-id
 *(.note.gnu.build-id)

.hash
 *(.hash)

.gnu.hash
 *(.gnu.hash)

.dynsym
 *(.dynsym)

.dynstr
 *(.dynstr)

.gnu.version
 *(.gnu.version)

.gnu.version_d
 *(.gnu.version_d)

.gnu.version_r
 *(.gnu.version_r)

.rel.dyn        0x00000000080480d4        0x0
 *(.rel.init)
 *(.rel.text .rel.text.* .rel.gnu.linkonce.t.*)
 *(.rel.fini)
 *(.rel.rodata .rel.rodata.* .rel.gnu.linkonce.r.*)
 *(.rel.data.rel.ro .rel.data.rel.ro.* .rel.gnu.linkonce.d.rel.ro.*)
 *(.rel.data .rel.data.* .rel.gnu.linkonce.d.*)
 *(.rel.tdata .rel.tdata.* .rel.gnu.linkonce.td.*)
 *(.rel.tbss .rel.tbss.* .rel.gnu.linkonce.tb.*)
 *(.rel.ctors)
 *(.rel.dtors)
 *(.rel.got)
 .rel.got       0x00000000080480d4        0x0 build/main.o
 *(.rel.bss .rel.bss.* .rel.gnu.linkonce.b.*)
 *(.rel.ifunc)

.rel.plt        0x00000000080480d4        0x0
 *(.rel.plt)
                [!provide]                        PROVIDE (__rel_iplt_start = .)
 *(.rel.iplt)
 .rel.iplt      0x00000000080480d4        0x0 build/main.o
                [!provide]                        PROVIDE (__rel_iplt_end = .)

.relr.dyn
 *(.relr.dyn)
                0x0000000008049000                . = ALIGN (CONSTANT (MAXPAGESIZE))

.init
 *(SORT_NONE(.init))

.plt            0x0000000008049000        0x0
 *(.plt)
 *(.iplt)
 .iplt          0x0000000008049000        0x0 build/main.o

.plt.got
 *(.plt.got)

.plt.sec
 *(.plt.sec)

.text           0x00000000c0001500     0x431d
 *(.text.unlikely .text.*_unlikely .text.unlikely.*)
 *(.text.exit .text.exit.*)
 *(.text.startup .text.startup.*)
 *(.text.hot .text.hot.*)
 *(SORT_BY_NAME(.text.sorted.*))
 *(.text .stub .text.* .gnu.linkonce.t.*)
 .text          0x00000000c0001500      0x18c build/main.o
                0x00000000c0001500                main
                0x00000000c00015a6                k_thread_a
                0x00000000c00015e2                k_thread_b
                0x00000000c000161e                u_prog_a
                0x00000000c0001655                u_prog_b
 .text.__x86.get_pc_thunk.bx
                0x00000000c000168c        0x4 build/main.o
                0x00000000c000168c                __x86.get_pc_thunk.bx
 .text          0x00000000c0001690       0x52 build/init.o
                0x00000000c0001690                init_all
 .text          0x00000000c00016e2      0x53d build/interrupt.o
                0x00000000c0001ac6                intr_enable
                0x00000000c0001af9                intr_disable
                0x00000000c0001b2c                intr_set_status
                0x00000000c0001b54                intr_get_status
                0x00000000c0001b7b                register_handler
                0x00000000c0001ba2                idt_init
 .text.__x86.get_pc_thunk.ax
                0x00000000c0001c1f        0x4 build/interrupt.o
                0x00000000c0001c1f                __x86.get_pc_thunk.ax
 .text          0x00000000c0001c23      0x1b9 build/timer.o
                0x00000000c0001d74                timer_init
 *fill*         0x00000000c0001ddc        0x4 
 .text          0x00000000c0001de0      0x55b build/kernel.o
                0x00000000c0001de0                intr_exit
                0x00000000c0002317                syscall_handler
 *fill*         0x00000000c000233b        0x5 
 .text          0x00000000c0002340      0x172 build/print.o
                0x00000000c0002340                put_str
                0x00000000c000235e                put_char
                0x00000000c000242b                put_int
                0x00000000c000248e                set_cursor
 .text          0x00000000c00024b2       0xf4 build/debug.o
                0x00000000c00024b2                panic_spin
 .text          0x00000000c00025a6      0xd55 build/memory.o
                0x00000000c00026d6                pte_ptr
                0x00000000c0002710                pde_ptr
                0x00000000c00028c7                malloc_page
                0x00000000c00029a0                get_kernel_pages
                0x00000000c0002a0e                get_user_pages
                0x00000000c0002a76                get_a_page
                0x00000000c0002bf9                addr_v2p
                0x00000000c0002e64                block_desc_init
                0x00000000c0002f43                sys_malloc
                0x00000000c0003295                mem_init
 .text          0x00000000c00032fb      0x286 build/bitmap.o
                0x00000000c00032fb                bitmap_init
                0x00000000c000332e                bitmap_scan_test
                0x00000000c0003377                bitmap_scan
                0x00000000c00034b9                bitmap_set
 .text          0x00000000c0003581      0x4aa build/string.o
                0x00000000c0003581                memset
                0x00000000c00035ea                memcpy
                0x00000000c0003661                memcmp
                0x00000000c00036fa                strcpy
                0x00000000c0003765                strlen
                0x00000000c00037c2                strcmp
                0x00000000c0003851                strchr
                0x00000000c00038bf                strrchr
                0x00000000c0003933                strcat
                0x00000000c00039b3                strchrs
 .text          0x00000000c0003a2b      0x6c9 build/thread.o
                0x00000000c0003a2b                running_thread
                0x00000000c0003ac9                thread_create
                0x00000000c0003b4d                init_thread
                0x00000000c0003c02                thread_start
                0x00000000c0003d97                schedule
                0x00000000c0003ee4                thread_block
                0x00000000c0003f5c                thread_unblock
                0x00000000c000407d                thread_init
 .text.__x86.get_pc_thunk.dx
                0x00000000c00040f4        0x4 build/thread.o
                0x00000000c00040f4                __x86.get_pc_thunk.dx
 .text          0x00000000c00040f8      0x25f build/list.o
                0x00000000c00040f8                list_init
                0x00000000c0004130                list_insert_before
                0x00000000c0004184                list_push
                0x00000000c00041ac                list_append
                0x00000000c00041d4                list_remove
                0x00000000c000421d                list_pop
                0x00000000c0004249                elem_find
                0x00000000c000428e                list_traversal
                0x00000000c00042f5                list_len
                0x00000000c0004334                list_empty
 *fill*         0x00000000c0004357        0x9 
 .text          0x00000000c0004360       0x15 build/switch.o
                0x00000000c0004360                switch_to
 .text          0x00000000c0004375      0x119 build/console.o
                0x00000000c0004375                console_init
                0x00000000c00043a0                console_acquire
                0x00000000c00043cb                console_release
                0x00000000c00043f6                console_put_str
                0x00000000c0004426                console_put_char
                0x00000000c000445e                console_put_int
 .text          0x00000000c000448e      0x38f build/sync.o
                0x00000000c000448e                sema_init
                0x00000000c00044c8                lock_init
                0x00000000c0004502                sema_down
                0x00000000c000461e                sema_up
                0x00000000c00046e8                lock_acquire
                0x00000000c000476e                lock_release
 .text          0x00000000c000481d      0x33e build/keyboard.o
                0x00000000c0004af9                keyboard_init
 .text          0x00000000c0004b5b      0x378 build/ioqueue.o
                0x00000000c0004b5b                ioqueue_init
                0x00000000c0004bcf                ioq_full
                0x00000000c0004d38                ioq_getchar
                0x00000000c0004e04                ioq_putchar
 .text          0x00000000c0004ed3      0x1b2 build/tss.o
                0x00000000c0004ed3                update_tss_esp
                0x00000000c0004f64                tss_init
 .text          0x00000000c0005085      0x3dc build/process.o
                0x00000000c0005085                start_process
                0x00000000c0005199                page_dir_activate
                0x00000000c00051de                process_activate
                0x00000000c0005241                create_page_dir
                0x00000000c00052ca                create_user_vaddr_bitmap
                0x00000000c0005323                process_execute
 .text          0x00000000c0005461       0xa9 build/syscall-init.o
                0x00000000c0005461                sys_getpid
                0x00000000c0005483                sys_write
                0x00000000c00054b6                syscall_init
 .text          0x00000000c000550a       0x47 build/syscall.o
                0x00000000c000550a                getpid
                0x00000000c0005529                write
 .text          0x00000000c0005551      0x2cc build/stdio.o
                0x00000000c00055e2                vsprintf
                0x00000000c0005770                sprintf
                0x00000000c00057aa                printf
 *(.gnu.warning)

.fini
 *(SORT_NONE(.fini))
                [!provide]                        PROVIDE (__etext = .)
                [!provide]                        PROVIDE (_etext = .)
                [!provide]                        PROVIDE (etext = .)
                0x00000000c0006000                . = ALIGN (CONSTANT (MAXPAGESIZE))
                0x00000000c0006000                . = SEGMENT_START ("rodata-segment", (ALIGN (CONSTANT (MAXPAGESIZE)) + (. & (CONSTANT (MAXPAGESIZE) - 0x1))))

.rodata         0x00000000c0006000      0xd83
 *(.rodata .rodata.* .gnu.linkonce.r.*)
 .rodata        0x00000000c0006000       0xa8 build/main.o
 .rodata        0x00000000c00060a8        0xa build/init.o
 *fill*         0x00000000c00060b2        0x2 
 .rodata        0x00000000c00060b4      0x2cd build/interrupt.o
 *fill*         0x00000000c0006381        0x3 
 .rodata        0x00000000c0006384       0x6b build/timer.o
 .rodata        0x00000000c00063ef       0x3f build/debug.o
 *fill*         0x00000000c000642e        0x2 
 .rodata        0x00000000c0006430      0x213 build/memory.o
 *fill*         0x00000000c0006643        0x1 
 .rodata        0x00000000c0006644       0x6b build/bitmap.o
 *fill*         0x00000000c00066af        0x1 
 .rodata        0x00000000c00066b0       0xc4 build/string.o
 .rodata        0x00000000c0006774      0x2cb build/thread.o
 *fill*         0x00000000c0006a3f        0x1 
 .rodata        0x00000000c0006a40      0x135 build/sync.o
 .rodata        0x00000000c0006b75       0x36 build/keyboard.o
 *fill*         0x00000000c0006bab        0x1 
 .rodata        0x00000000c0006bac       0xa8 build/ioqueue.o
 .rodata        0x00000000c0006c54       0x27 build/tss.o
 *fill*         0x00000000c0006c7b        0x1 
 .rodata        0x00000000c0006c7c       0xe0 build/process.o
 .rodata        0x00000000c0006d5c       0x27 build/syscall-init.o

.rodata1
 *(.rodata1)

.eh_frame_hdr
 *(.eh_frame_hdr)
 *(.eh_frame_entry .eh_frame_entry.*)

.eh_frame       0x00000000c0006d84     0x1004
 *(.eh_frame)
 .eh_frame      0x00000000c0006d84       0xc4 build/main.o
 .eh_frame      0x00000000c0006e48       0x24 build/init.o
                                         0x50 (size before relaxing)
 .eh_frame      0x00000000c0006e6c      0x1ac build/interrupt.o
                                        0x1d8 (size before relaxing)
 .eh_frame      0x00000000c0007018       0x94 build/timer.o
                                         0xd4 (size before relaxing)
 .eh_frame      0x00000000c00070ac       0x1c build/debug.o
                                         0x48 (size before relaxing)
 .eh_frame      0x00000000c00070c8      0x22c build/memory.o
                                        0x26c (size before relaxing)
 .eh_frame      0x00000000c00072f4       0x90 build/bitmap.o
                                         0xbc (size before relaxing)
 .eh_frame      0x00000000c0007384      0x168 build/string.o
                                        0x194 (size before relaxing)
 .eh_frame      0x00000000c00074ec      0x198 build/thread.o
                                        0x1d8 (size before relaxing)
 .eh_frame      0x00000000c0007684      0x148 build/list.o
                                        0x188 (size before relaxing)
 .eh_frame      0x00000000c00077cc       0xd8 build/console.o
                                        0x118 (size before relaxing)
 .eh_frame      0x00000000c00078a4       0xdc build/sync.o
                                        0x11c (size before relaxing)
 .eh_frame      0x00000000c0007980       0x68 build/keyboard.o
                                         0xa8 (size before relaxing)
 .eh_frame      0x00000000c00079e8      0x11c build/ioqueue.o
                                        0x15c (size before relaxing)
 .eh_frame      0x00000000c0007b04       0x6c build/tss.o
                                         0xac (size before relaxing)
 .eh_frame      0x00000000c0007b70       0xd8 build/process.o
                                        0x118 (size before relaxing)
 .eh_frame      0x00000000c0007c48       0x6c build/syscall-init.o
                                         0xac (size before relaxing)
 .eh_frame      0x00000000c0007cb4       0x44 build/syscall.o
                                         0x70 (size before relaxing)
 .eh_frame      0x00000000c0007cf8       0x90 build/stdio.o
                                         0xd0 (size before relaxing)
 *(.eh_frame.*)

.gcc_except_table
 *(.gcc_except_table .gcc_except_table.*)

.gnu_extab
 *(.gnu_extab*)

.exception_ranges
 *(.exception_ranges*)
                0x00000000c0009000                . = DATA_SEGMENT_ALIGN (CONSTANT (MAXPAGESIZE), CONSTANT (COMMONPAGESIZE))

.eh_frame
 *(.eh_frame)
 *(.eh_frame.*)

.gnu_extab
 *(.gnu_extab)

.gcc_except_table
 *(.gcc_except_table .gcc_except_table.*)

.exception_ranges
 *(.exception_ranges*)

.tdata          0x00000000c0009000        0x0
                [!provide]                        PROVIDE (__tdata_start = .)
 *(.tdata .tdata.* .gnu.linkonce.td.*)

.tbss
 *(.tbss .tbss.* .gnu.linkonce.tb.*)
 *(.tcommon)

.preinit_array  0x00000000c0009000        0x0
                [!provide]                        PROVIDE (__preinit_array_start = .)
 *(.preinit_array)
                [!provide]                        PROVIDE (__preinit_array_end = .)

.init_array     0x00000000c0009000        0x0
                [!provide]                        PROVIDE (__init_array_start = .)
 *(SORT_BY_INIT_PRIORITY(.init_array.*) SORT_BY_INIT_PRIORITY(.ctors.*))
 *(.init_array EXCLUDE_FILE(*crtend?.o *crtend.o *crtbegin?.o *crtbegin.o) .ctors)
                [!provide]                        PROVIDE (__init_array_end = .)

.fini_array     0x00000000c0009000        0x0
                [!provide]                        PROVIDE (__fini_array_start = .)
 *(SORT_BY_INIT_PRIORITY(.fini_array.*) SORT_BY_INIT_PRIORITY(.dtors.*))
 *(.fini_array EXCLUDE_FILE(*crtend?.o *crtend.o *crtbegin?.o *crtbegin.o) .dtors)
                [!provide]                        PROVIDE (__fini_array_end = .)

.ctors
 *crtbegin.o(.ctors)
 *crtbegin?.o(.ctors)
 *(EXCLUDE_FILE(*crtend?.o *crtend.o) .ctors)
 *(SORT_BY_NAME(.ctors.*))
 *(.ctors)

.dtors
 *crtbegin.o(.dtors)
 *crtbegin?.o(.dtors)
 *(EXCLUDE_FILE(*crtend?.o *crtend.o) .dtors)
 *(SORT_BY_NAME(.dtors.*))
 *(.dtors)

.jcr
 *(.jcr)

.data.rel.ro
 *(.data.rel.ro.local* .gnu.linkonce.d.rel.ro.local.*)
 *(.data.rel.ro .data.rel.ro.* .gnu.linkonce.d.rel.ro.*)

.dynamic
 *(.dynamic)

.got            0x00000000c0009000        0x0
 *(.got)
 .got           0x00000000c0009000        0x0 build/main.o
 *(.igot)
                0x00000000c0009ff4                . = DATA_SEGMENT_RELRO_END (., (SIZEOF (.got.plt) >= 0xc)?0xc:0x0)

.got.plt        0x00000000c0009000        0xc
 *(.got.plt)
 .got.plt       0x00000000c0009000        0xc build/main.o
                0x00000000c0009000                _GLOBAL_OFFSET_TABLE_
 *(.igot.plt)
 .igot.plt      0x00000000c000900c        0x0 build/main.o

.data           0x00000000c0009020      0x156
 *(.data .data.* .gnu.linkonce.d.*)
 .data          0x00000000c0009020        0x0 build/main.o
 .data          0x00000000c0009020        0x0 build/init.o
 .data          0x00000000c0009020        0x0 build/interrupt.o
 .data          0x00000000c0009020        0x0 build/timer.o
 .data          0x00000000c0009020       0xc0 build/kernel.o
                0x00000000c0009020                intr_entry_table
 .data          0x00000000c00090e0        0x8 build/print.o
 .data          0x00000000c00090e8        0x0 build/debug.o
 .data          0x00000000c00090e8        0x0 build/memory.o
 .data          0x00000000c00090e8        0x0 build/bitmap.o
 .data          0x00000000c00090e8        0x0 build/string.o
 .data          0x00000000c00090e8        0x0 build/thread.o
 .data          0x00000000c00090e8        0x0 build/list.o
 .data          0x00000000c00090e8        0x0 build/console.o
 .data          0x00000000c00090e8        0x0 build/sync.o
 *fill*         0x00000000c00090e8       0x18 
 .data          0x00000000c0009100       0x76 build/keyboard.o
 .data          0x00000000c0009176        0x0 build/ioqueue.o
 .data          0x00000000c0009176        0x0 build/tss.o
 .data          0x00000000c0009176        0x0 build/process.o
 .data          0x00000000c0009176        0x0 build/syscall-init.o
 .data          0x00000000c0009176        0x0 build/syscall.o
 .data          0x00000000c0009176        0x0 build/stdio.o

.data1
 *(.data1)
                0x00000000c0009176                _edata = .
                [!provide]                        PROVIDE (edata = .)
                0x00000000c0009176                . = .
                0x00000000c0009176                __bss_start = .

.bss            0x00000000c0009180      0xb80
 *(.dynbss)
 *(.bss .bss.* .gnu.linkonce.b.*)
 .bss           0x00000000c0009180        0x0 build/main.o
 .bss           0x00000000c0009180        0x0 build/init.o
 .bss           0x00000000c0009180      0x848 build/interrupt.o
                0x00000000c0009180                intr_name
                0x00000000c00093a0                idt_table
 .bss           0x00000000c00099c8        0x4 build/timer.o
                0x00000000c00099c8                ticks
 .bss           0x00000000c00099cc        0x0 build/debug.o
 *fill*         0x00000000c00099cc       0x14 
 .bss           0x00000000c00099e0      0x128 build/memory.o
                0x00000000c00099e0                kernel_pool
                0x00000000c0009a20                user_pool
                0x00000000c0009a4c                kernel_vaddr
                0x00000000c0009a60                k_block_descs
 .bss           0x00000000c0009b08        0x0 build/bitmap.o
 .bss           0x00000000c0009b08        0x0 build/string.o
 .bss           0x00000000c0009b08       0x46 build/thread.o
                0x00000000c0009b08                main_thread
                0x00000000c0009b0c                thread_ready_list
                0x00000000c0009b1c                thread_all_list
                0x00000000c0009b2c                pid_lock
 .bss           0x00000000c0009b4e        0x0 build/list.o
 *fill*         0x00000000c0009b4e        0x2 
 .bss           0x00000000c0009b50       0x1c build/console.o
 .bss           0x00000000c0009b6c        0x0 build/sync.o
 *fill*         0x00000000c0009b6c       0x14 
 .bss           0x00000000c0009b80       0x80 build/keyboard.o
                0x00000000c0009b80                kbd_buf
 .bss           0x00000000c0009c00        0x0 build/ioqueue.o
 .bss           0x00000000c0009c00       0x6c build/tss.o
 .bss           0x00000000c0009c6c        0x0 build/process.o
 *fill*         0x00000000c0009c6c       0x14 
 .bss           0x00000000c0009c80       0x80 build/syscall-init.o
                0x00000000c0009c80                syscall_table
 .bss           0x00000000c0009d00        0x0 build/syscall.o
 .bss           0x00000000c0009d00        0x0 build/stdio.o
 *(COMMON)
                0x00000000c0009d00                . = ALIGN ((. != 0x0)?0x4:0x1)
                0x00000000c0009d00                . = ALIGN (0x4)
                0x00000000c0009d00                . = SEGMENT_START ("ldata-segment", .)
                0x00000000c0009d00                . = ALIGN (0x4)
                0x00000000c0009d00                _end = .
                [!provide]                        PROVIDE (end = .)
                0x00000000c0009d00                . = DATA_SEGMENT_END (.)

.stab
 *(.stab)

.stabstr
 *(.stabstr)

.stab.excl
 *(.stab.excl)

.stab.exclstr
 *(.stab.exclstr)

.stab.index
 *(.stab.index)

.stab.indexstr
 *(.stab.indexstr)

.comment        0x0000000000000000       0x2b
 *(.comment)
 .comment       0x0000000000000000       0x2b build/main.o
                                         0x2c (size before relaxing)
 .comment       0x000000000000002b       0x2c build/init.o
 .comment       0x000000000000002b       0x2c build/interrupt.o
 .comment       0x000000000000002b       0x2c build/timer.o
 .comment       0x000000000000002b       0x2c build/debug.o
 .comment       0x000000000000002b       0x2c build/memory.o
 .comment       0x000000000000002b       0x2c build/bitmap.o
 .comment       0x000000000000002b       0x2c build/string.o
 .comment       0x000000000000002b       0x2c build/thread.o
 .comment       0x000000000000002b       0x2c build/list.o
 .comment       0x000000000000002b       0x2c build/console.o
 .comment       0x000000000000002b       0x2c build/sync.o
 .comment       0x000000000000002b       0x2c build/keyboard.o
 .comment       0x000000000000002b       0x2c build/ioqueue.o
 .comment       0x000000000000002b       0x2c build/tss.o
 .comment       0x000000000000002b       0x2c build/process.o
 .comment       0x000000000000002b       0x2c build/syscall-init.o
 .comment       0x000000000000002b       0x2c build/syscall.o
 .comment       0x000000000000002b       0x2c build/stdio.o

.gnu.build.attributes
 *(.gnu.build.attributes .gnu.build.attributes.*)

.debug
 *(.debug)

.line
 *(.line)

.debug_srcinfo
 *(.debug_srcinfo)

.debug_sfnames
 *(.debug_sfnames)

.debug_aranges
 *(.debug_aranges)

.debug_pubnames
 *(.debug_pubnames)

.debug_info
 *(.debug_info .gnu.linkonce.wi.*)

.debug_abbrev
 *(.debug_abbrev)

.debug_line
 *(.debug_line .debug_line.* .debug_line_end)

.debug_frame
 *(.debug_frame)

.debug_str
 *(.debug_str)

.debug_loc
 *(.debug_loc)

.debug_macinfo
 *(.debug_macinfo)

.debug_weaknames
 *(.debug_weaknames)

.debug_funcnames
 *(.debug_funcnames)

.debug_typenames
 *(.debug_typenames)

.debug_varnames
 *(.debug_varnames)

.debug_pubtypes
 *(.debug_pubtypes)

.debug_ranges
 *(.debug_ranges)

.debug_addr
 *(.debug_addr)

.debug_line_str
 *(.debug_line_str)

.debug_loclists
 *(.debug_loclists)

.debug_macro
 *(.debug_macro)

.debug_names
 *(.debug_names)

.debug_rnglists
 *(.debug_rnglists)

.debug_str_offsets
 *(.debug_str_offsets)

.debug_sup
 *(.debug_sup)

.gnu.attributes
 *(.gnu.attributes)

/DISCARD/
 *(.note.GNU-stack)
 *(.gnu_debuglink)
 *(.gnu.lto_*)
OUTPUT(build/kernel.bin elf32-i386)
